{
  "after_data": {
    "publish_mode": "Any changes",
    "url": "http://migration-test:9200"
  },
  "after_options": {},
  "after_version": 2,
  "before_data": "mappingproxy({'url': 'http://migration-test:9200', 'only_publish_changed': True})",
  "before_options": "mappingproxy({})",
  "before_version": 1
}
