{
  "after_data": {
    "url": "http://migration-test:9200"
  },
  "after_options": {
    "excluded_domains": [],
    "excluded_entities": [],
    "included_domains": [],
    "included_entities": [],
    "publish_enabled": true,
    "publish_frequency": 60,
    "publish_mode": "Any changes"
  },
  "after_version": 5,
  "before_data": "mappingproxy({'url': 'http://migration-test:9200', 'publish_enabled': True, 'publish_frequency': 60, 'publish_mode': 'Any changes', 'excluded_domains': [], 'excluded_entities': [], 'included_domains': [], 'included_entities': [], 'datastream_name_prefix': 'homeassistant', 'datastream_namespace': 'default', 'datastream_type': 'metrics'})",
  "before_options": "mappingproxy({})",
  "before_version": 4
}
