{
  "after_data": {
    "index_mode": "index",
    "url": "http://migration-test:9200"
  },
  "after_options": {},
  "after_version": 4,
  "before_data": "mappingproxy({'url': 'http://migration-test:9200', 'ilm_max_size': '10gb', 'ilm_delete_after': '30d'})",
  "before_options": "mappingproxy({})",
  "before_version": 3
}
