{
  "capabilities": {
    "BUILD_FLAVOR": "default",
    "DATASTREAM_LIFECYCLE_MANAGEMENT": false,
    "IGNORE_MISSING_COMPONENT_TEMPLATES": false,
    "MAJOR": 7,
    "MAX_PRIMARY_SHARD_SIZE": true,
    "MINOR": 17,
    "SERVERLESS": false,
    "SUPPORTED": true,
    "TIMESERIES_DATASTREAM": false
  },
  "cluster info": {
    "cluster_name": "docker-cluster",
    "cluster_uuid": "H2qsoRzORwWNxSlhoUpbig",
    "name": "a8bbdc6f0067",
    "tagline": "You Know, for Search",
    "version": {
      "build_date": "2022-01-28T08:36:04.875279988Z",
      "build_flavor": "default",
      "build_hash": "bee86328705acaa9a6daede7140defd4d9ec56bd",
      "build_snapshot": false,
      "build_type": "docker",
      "lucene_version": "8.11.1",
      "minimum_index_compatibility_version": "6.0.0-beta1",
      "minimum_wire_compatibility_version": "6.8.0",
      "number": "7.17.0"
    }
  },
  "name": "7DOT17_CAPABILITIES"
}
