{
  "settings": {
    "change_detection_type": [],
    "excluded_domains": [],
    "excluded_entities": [],
    "included_domains": [],
    "included_entities": [],
    "polling_frequency": 60,
    "publish_frequency": 60
  },
  "static_fields": {}
}
