{
  "dataset": "test? name",
  "sanitized_dataset": "test_name"
}
