{
  "entity_id": "test.test_2",
  "should_publish": false
}
