{
  "dataset": "a_test_name",
  "sanitized_dataset": "a_test_name"
}
