{
  "entity": "test.test_2",
  "should_publish": false
}
