{
  "dataset": "test_name",
  "sanitized_dataset": "test_name"
}
