{
  "entity_id": "test.test_3",
  "should_publish": false
}
