{
  "entity": "test.test_1",
  "should_publish": false
}
