{
  "dataset": "test/name",
  "sanitized_dataset": "testname"
}
