{
  "_bulk": {
    "_index": "active-hass-index-v4_2",
    "_op_type": "index",
    "_source": {
      "@timestamp": "2023-04-12T12:00:00+00:00",
      "event": {
        "action": "State change",
        "kind": "event",
        "type": "change"
      },
      "hass.attributes": {},
      "hass.domain": "counter",
      "hass.entity": {
        "attributes": {},
        "domain": "counter",
        "id": "counter.test_1",
        "value": "tomato"
      },
      "hass.entity_id": "counter.test_1",
      "hass.entity_id_lower": "counter.test_1",
      "hass.object_id": "test_1",
      "hass.object_id_lower": "test_1",
      "hass.value": "tomato"
    },
    "require_alias": true
  },
  "entity": {
    "attributes": {},
    "entity_id": "counter.test_1",
    "last_changed": "2023-04-12T12:00:00",
    "last_updated": "2023-04-12T12:00:00",
    "state": "tomato"
  }
}
