{
  "_bulk": {
    "_index": "metrics-homeassistant.counter-default",
    "_op_type": "create",
    "_source": {
      "@timestamp": "2023-04-12T12:00:00+00:00",
      "agent.name": "My Home Assistant",
      "agent.type": "hass",
      "agent.version": "2099.1.2",
      "data_stream": {
        "dataset": "homeassistant.counter",
        "namespace": "default",
        "type": "metrics"
      },
      "ecs.version": "1.0.0",
      "event": {
        "action": "State change",
        "kind": "event",
        "type": "change"
      },
      "hass.entity": {
        "attributes": {},
        "domain": "counter",
        "geo.location": {
          "lat": 99.0,
          "lon": 99.0
        },
        "id": "counter.test_1",
        "value": "tomato",
        "valueas": {
          "string": "tomato"
        }
      },
      "hass.object_id": "test_1",
      "host.architecture": "Test Arch",
      "host.geo.location": {
        "lat": 99.0,
        "lon": 99.0
      },
      "host.hostname": "Test Host",
      "host.os.name": "Test OS",
      "tags": null
    }
  },
  "entity": {
    "attributes": {},
    "entity_id": "counter.test_1",
    "last_changed": "2023-04-12T12:00:00",
    "last_updated": "2023-04-12T12:00:00",
    "state": "tomato"
  }
}
