{
  "entity_id": "test.test_1",
  "should_publish": true
}
