{
  "entity_id": "counter.test_1",
  "should_publish": false
}
