{
  "dataset": "test-name",
  "sanitized_dataset": "test-name"
}
