{
  "dataset": "Test_Name_2",
  "sanitized_dataset": "test_name_2"
}
