{
  "data": {
    "api_key": "**REDACTED**",
    "password": "**REDACTED**",
    "url": "https://example.com",
    "username": "**REDACTED**"
  },
  "options": {}
}
