{
  "document": {
    "@timestamp": "2023-04-12T12:00:00+00:00",
    "event": {
      "action": "testing",
      "kind": "event",
      "type": "change"
    },
    "hass.attributes": {
      "latitude": 44.0,
      "longitude": 44.0
    },
    "hass.domain": "sensor",
    "hass.entity": {
      "attributes": {
        "latitude": 44.0,
        "longitude": 44.0
      },
      "domain": "sensor",
      "id": "sensor.test_1",
      "value": 2.0
    },
    "hass.entity_id": "sensor.test_1",
    "hass.entity_id_lower": "sensor.test_1",
    "hass.geo.location": {
      "lat": 44.0,
      "lon": 44.0
    },
    "hass.object_id": "test_1",
    "hass.object_id_lower": "test_1",
    "hass.value": 2.0
  },
  "entity state": {
    "attributes": {
      "latitude": 44.0,
      "longitude": 44.0
    },
    "entity_id": "sensor.test_1",
    "last_changed": "2023-04-12T12:00:00+00:00",
    "last_updated": "2023-04-12T12:00:00+00:00",
    "state": "2"
  },
  "state": "2",
  "version": 1
}
